[real-guidance] prior=/media/frankagvl/U393/Dex_Diffuse/runs/obs_4-66.ckpt guide=/media/frankagvl/U393/Dex_Diffuse/runs/epoch_0200.ckpt scale=25
WARNING:torch_tensorrt.dynamo.conversion.aten_ops_converters:Unable to import quantization op. Please install modelopt library (https://github.com/NVIDIA/TensorRT-Model-Optimizer?tab=readme-ov-file#installation) to add support for compiling quantized models
[real] python: /home/frankagvl/anaconda3/envs/dexIL/bin/python
[real] checkpoint: /media/frankagvl/U393/Dex_Diffuse/runs/obs_4-66.ckpt
[real] policy: obs=66 action=22 sampler=ddim inference_steps=8 chunk=2
[real] acceleration: tensorrt=1 precision=fp16 fused_ddim=1
[real] CHECK_ONLY: model load + synthetic inference; hardware will not be connected
WARNING:torch_tensorrt.dynamo.conversion.aten_ops_converters:Unable to import quantization op. Please install modelopt library (https://github.com/NVIDIA/TensorRT-Model-Optimizer?tab=readme-ov-file#installation) to add support for compiling quantized models
[policy] loading /media/frankagvl/U393/Dex_Diffuse/runs/obs_4-66.ckpt
[guidance] guide=/media/frankagvl/U393/Dex_Diffuse/runs/epoch_0200.ckpt; weights=EMA model; scale=25.0; prior_steps=8; guide_steps=4; guidance_actions=2; fixed_noise=1; seeds=42/42; fused_ddim=True
[policy] loaded EMA model; step=54316 epoch=74; spec={'obs_dim': 66, 'action_dim': 22, 'n_obs_steps': 4, 'n_pred_action_steps': 9, 'n_action_steps': 5, 'horizon': 12}; sampler=ddim inference_steps=8
[policy] preparing TensorRT FP16 UNet (load validated cache or compile)...
[TensorRT] cache metadata changed; rebuilding: /media/frankagvl/U393/Dex_Diffuse/runs/obs_4-66.unet.fp16.trt.pt
INFO:torch_tensorrt.dynamo._compiler:Compilation Settings: CompilationSettings(enabled_precisions={<dtype.f16: 6>}, debug=False, workspace_size=0, min_block_size=1, torch_executed_ops=set(), pass_through_build_failures=False, max_aux_streams=None, version_compatible=False, optimization_level=None, use_python_runtime=False, truncate_double=False, use_fast_partitioner=True, enable_experimental_decompositions=False, device=Device(type=DeviceType.GPU, gpu_id=0), require_full_compilation=False, disable_tf32=False, assume_dynamic_shape_support=False, sparse_weights=False, refit=False, engine_capability=<EngineCapability.STANDARD: 1>, num_avg_timing_iters=1, dla_sram_size=1048576, dla_local_dram_size=1073741824, dla_global_dram_size=536870912, dryrun=False, hardware_compatible=False, timing_cache_path='/tmp/timing_cache.bin')

INFO:torch_tensorrt.dynamo._compiler:Partitioning the graph via the fast partitioner
INFO:torch_tensorrt [TensorRT Conversion Context]:[MemUsageChange] Init CUDA: CPU +1, GPU +0, now: CPU 700, GPU 7767 (MiB)
INFO:torch_tensorrt [TensorRT Conversion Context]:[MemUsageChange] Init builder kernel library: CPU +1631, GPU +288, now: CPU 2479, GPU 8055 (MiB)
INFO:torch_tensorrt.dynamo.conversion._TRTInterpreter:TRT INetwork construction elapsed time: 0:00:01.928359
INFO:torch_tensorrt [TensorRT Conversion Context]:Global timing cache in use. Profiling results in this builder pass will be stored.
INFO:torch_tensorrt [TensorRT Conversion Context]:Detected 3 inputs and 1 output network tensors.
INFO:torch_tensorrt [TensorRT Conversion Context]:Total Host Persistent Memory: 205744
INFO:torch_tensorrt [TensorRT Conversion Context]:Total Device Persistent Memory: 1024
INFO:torch_tensorrt [TensorRT Conversion Context]:Total Scratch Memory: 98816
INFO:torch_tensorrt [TensorRT Conversion Context]:[BlockAssignment] Started assigning block shifts. This will take 153 steps to complete.
INFO:torch_tensorrt [TensorRT Conversion Context]:[BlockAssignment] Algorithm ShiftNTopDown took 4.01459ms to assign 9 blocks to 153 nodes requiring 169472 bytes.
INFO:torch_tensorrt [TensorRT Conversion Context]:Total Activation Memory: 168960
INFO:torch_tensorrt [TensorRT Conversion Context]:Total Weights Memory: 138075440
INFO:torch_tensorrt [TensorRT Conversion Context]:Engine generation completed in 3.75738 seconds.
INFO:torch_tensorrt [TensorRT Conversion Context]:[MemUsageStats] Peak memory usage of TRT CPU/GPU memory allocators: CPU 10 MiB, GPU 139 MiB
INFO:torch_tensorrt [TensorRT Conversion Context]:[MemUsageStats] Peak memory usage during Engine building and serialization: CPU: 4654 MiB
INFO:torch_tensorrt.dynamo.conversion._TRTInterpreter:Build TRT engine elapsed time: 0:00:03.980684
INFO:torch_tensorrt.dynamo.conversion._TRTInterpreter:TRT Engine uses: 139605732 bytes of Memory
INFO:torch_tensorrt [TensorRT Conversion Context]:Serialized 1076 bytes of code generator cache.
INFO:torch_tensorrt [TensorRT Conversion Context]:Serialized 4122292 bytes of compilation cache.
INFO:torch_tensorrt [TensorRT Conversion Context]:Serialized 2330 timing cache entries
WARNING: [Torch-TensorRT] - Using default stream in enqueueV3() may lead to performance issues due to additional calls to cudaStreamSynchronize() by TensorRT to ensure correct synchronization. Please use non-default stream instead.
[TensorRT] saved engine cache: /media/frankagvl/U393/Dex_Diffuse/runs/obs_4-66.unet.fp16.trt.pt
INFO:torch_tensorrt.dynamo._compiler:Compilation Settings: CompilationSettings(enabled_precisions={<dtype.f16: 6>}, debug=False, workspace_size=0, min_block_size=1, torch_executed_ops=set(), pass_through_build_failures=False, max_aux_streams=None, version_compatible=False, optimization_level=None, use_python_runtime=False, truncate_double=False, use_fast_partitioner=True, enable_experimental_decompositions=False, device=Device(type=DeviceType.GPU, gpu_id=0), require_full_compilation=False, disable_tf32=False, assume_dynamic_shape_support=False, sparse_weights=False, refit=False, engine_capability=<EngineCapability.STANDARD: 1>, num_avg_timing_iters=1, dla_sram_size=1048576, dla_local_dram_size=1073741824, dla_global_dram_size=536870912, dryrun=False, hardware_compatible=False, timing_cache_path='/tmp/timing_cache.bin')

INFO:torch_tensorrt.dynamo._compiler:Partitioning the graph via the fast partitioner
INFO:torch_tensorrt [TensorRT Conversion Context]:The logger passed into createInferBuilder differs from one already provided for an existing builder, runtime, or refitter. Uses of the global logger, returned by nvinfer1::getLogger(), will return the existing value.
INFO:torch_tensorrt [TensorRT Conversion Context]:[MemUsageChange] Init CUDA: CPU +0, GPU +0, now: CPU 1009, GPU 7966 (MiB)
INFO:torch_tensorrt [TensorRT Conversion Context]:[MemUsageChange] Init builder kernel library: CPU +1631, GPU +234, now: CPU 2640, GPU 8200 (MiB)
INFO:torch_tensorrt.dynamo.conversion._TRTInterpreter:TRT INetwork construction elapsed time: 0:00:01.926749
INFO:torch_tensorrt [TensorRT Conversion Context]:Global timing cache in use. Profiling results in this builder pass will be stored.
INFO:torch_tensorrt [TensorRT Conversion Context]:Detected 3 inputs and 1 output network tensors.
INFO:torch_tensorrt [TensorRT Conversion Context]:Total Host Persistent Memory: 205744
INFO:torch_tensorrt [TensorRT Conversion Context]:Total Device Persistent Memory: 1024
INFO:torch_tensorrt [TensorRT Conversion Context]:Total Scratch Memory: 98816
INFO:torch_tensorrt [TensorRT Conversion Context]:[BlockAssignment] Started assigning block shifts. This will take 153 steps to complete.
INFO:torch_tensorrt [TensorRT Conversion Context]:[BlockAssignment] Algorithm ShiftNTopDown took 2.8881ms to assign 9 blocks to 153 nodes requiring 169472 bytes.
INFO:torch_tensorrt [TensorRT Conversion Context]:Total Activation Memory: 168960
INFO:torch_tensorrt [TensorRT Conversion Context]:Total Weights Memory: 138075440
INFO:torch_tensorrt [TensorRT Conversion Context]:Engine generation completed in 3.07045 seconds.
INFO:torch_tensorrt [TensorRT Conversion Context]:[MemUsageStats] Peak memory usage of TRT CPU/GPU memory allocators: CPU 10 MiB, GPU 270 MiB
INFO:torch_tensorrt [TensorRT Conversion Context]:[MemUsageStats] Peak memory usage during Engine building and serialization: CPU: 5063 MiB
INFO:torch_tensorrt.dynamo.conversion._TRTInterpreter:Build TRT engine elapsed time: 0:00:03.277077
INFO:torch_tensorrt.dynamo.conversion._TRTInterpreter:TRT Engine uses: 139605732 bytes of Memory
INFO:torch_tensorrt [TensorRT Conversion Context]:Serialized 1076 bytes of code generator cache.
INFO:torch_tensorrt [TensorRT Conversion Context]:Serialized 4122292 bytes of compilation cache.
INFO:torch_tensorrt [TensorRT Conversion Context]:Serialized 2330 timing cache entries
WARNING: [Torch-TensorRT] - Using default stream in enqueueV3() may lead to performance issues due to additional calls to cudaStreamSynchronize() by TensorRT to ensure correct synchronization. Please use non-default stream instead.
[TensorRT] saved engine cache: /media/frankagvl/U393/Dex_Diffuse/runs/epoch_0200.unet.fp16.trt.pt
[policy] TensorRT UNet ready in 25.0s
[latency] hand_policy inference_ms=18.748
[policy] synthetic inference passed in 0.019s
[check] checkpoint check passed; hardware was not connected
