WARNING:torch_tensorrt.dynamo.conversion.aten_ops_converters:Unable to import quantization op. Please install modelopt library (https://github.com/NVIDIA/TensorRT-Model-Optimizer?tab=readme-ov-file#installation) to add support for compiling quantized models
INFO:torch_tensorrt.dynamo._compiler:Compilation Settings: CompilationSettings(enabled_precisions={<dtype.f32: 7>}, debug=False, workspace_size=0, min_block_size=1, torch_executed_ops=set(), pass_through_build_failures=False, max_aux_streams=None, version_compatible=False, optimization_level=None, use_python_runtime=False, truncate_double=False, use_fast_partitioner=True, enable_experimental_decompositions=False, device=Device(type=DeviceType.GPU, gpu_id=0), require_full_compilation=False, disable_tf32=True, assume_dynamic_shape_support=False, sparse_weights=False, refit=False, engine_capability=<EngineCapability.STANDARD: 1>, num_avg_timing_iters=1, dla_sram_size=1048576, dla_local_dram_size=1073741824, dla_global_dram_size=536870912, dryrun=False, hardware_compatible=False, timing_cache_path='/tmp/timing_cache.bin')

INFO:torch_tensorrt.dynamo._compiler:Partitioning the graph via the fast partitioner
INFO:torch_tensorrt [TensorRT Conversion Context]:[MemUsageChange] Init CUDA: CPU +2, GPU +0, now: CPU 391, GPU 7181 (MiB)
INFO:torch_tensorrt [TensorRT Conversion Context]:[MemUsageChange] Init builder kernel library: CPU +1632, GPU +267, now: CPU 2170, GPU 7444 (MiB)
INFO:torch_tensorrt.dynamo.conversion._TRTInterpreter:TRT INetwork construction elapsed time: 0:00:00.021932
INFO:torch_tensorrt [TensorRT Conversion Context]:Global timing cache in use. Profiling results in this builder pass will be stored.
INFO:torch_tensorrt [TensorRT Conversion Context]:Detected 3 inputs and 10 output network tensors.
INFO:torch_tensorrt [TensorRT Conversion Context]:Total Host Persistent Memory: 17200
INFO:torch_tensorrt [TensorRT Conversion Context]:Total Device Persistent Memory: 0
INFO:torch_tensorrt [TensorRT Conversion Context]:Total Scratch Memory: 5120
INFO:torch_tensorrt [TensorRT Conversion Context]:[BlockAssignment] Started assigning block shifts. This will take 15 steps to complete.
INFO:torch_tensorrt [TensorRT Conversion Context]:[BlockAssignment] Algorithm ShiftNTopDown took 0.089673ms to assign 6 blocks to 15 nodes requiring 39424 bytes.
INFO:torch_tensorrt [TensorRT Conversion Context]:Total Activation Memory: 38400
INFO:torch_tensorrt [TensorRT Conversion Context]:Total Weights Memory: 4620032
INFO:torch_tensorrt [TensorRT Conversion Context]:Engine generation completed in 0.346015 seconds.
INFO:torch_tensorrt [TensorRT Conversion Context]:[MemUsageStats] Peak memory usage of TRT CPU/GPU memory allocators: CPU 1 MiB, GPU 6 MiB
INFO:torch_tensorrt [TensorRT Conversion Context]:[MemUsageStats] Peak memory usage during Engine building and serialization: CPU: 3864 MiB
INFO:torch_tensorrt.dynamo.conversion._TRTInterpreter:Build TRT engine elapsed time: 0:00:00.361334
INFO:torch_tensorrt.dynamo.conversion._TRTInterpreter:TRT Engine uses: 5295348 bytes of Memory
INFO:torch_tensorrt [TensorRT Conversion Context]:Serialized 1076 bytes of code generator cache.
INFO:torch_tensorrt [TensorRT Conversion Context]:Serialized 3141797 bytes of compilation cache.
INFO:torch_tensorrt [TensorRT Conversion Context]:Serialized 2330 timing cache entries
WARNING: [Torch-TensorRT] - Using default stream in enqueueV3() may lead to performance issues due to additional calls to cudaStreamSynchronize() by TensorRT to ensure correct synchronization. Please use non-default stream instead.
stage 0 (1, 256) max 1.1920928955078125e-07 mean 1.7167621990665793e-08
stage 1 (1, 256, 12) max 0.0 mean 0.0
stage 2 (1, 256, 12) max 0.9243853092193604 mean 0.024757783859968185
stage 3 (1, 256, 12) max 0.9700750112533569 mean 0.01684359833598137
stage 4 (1, 512, 1) max 1.1920928955078125e-07 mean 2.763044903986156e-08
stage 5 (1, 256, 12) max 0.1794145703315735 mean 0.0033584064804017544
stage 6 (1, 256, 12) max 0.03778699040412903 mean 0.005259261932224035
stage 7 (1, 256, 12) max 0.12282538414001465 mean 0.02089535817503929
stage 8 (1, 256, 12) max 0.09213787317276001 mean 0.011408871039748192
stage 9 (1, 256, 12) max 0.09213787317276001 mean 0.011408871039748192
