before tf32 True False
WARNING:torch_tensorrt.dynamo.conversion.aten_ops_converters:Unable to import quantization op. Please install modelopt library (https://github.com/NVIDIA/TensorRT-Model-Optimizer?tab=readme-ov-file#installation) to add support for compiling quantized models
INFO:torch_tensorrt.dynamo._compiler:Compilation Settings: CompilationSettings(enabled_precisions={<dtype.f32: 7>}, debug=False, workspace_size=0, min_block_size=1, torch_executed_ops=set(), pass_through_build_failures=False, max_aux_streams=None, version_compatible=False, optimization_level=None, use_python_runtime=False, truncate_double=False, use_fast_partitioner=True, enable_experimental_decompositions=False, device=Device(type=DeviceType.GPU, gpu_id=0), require_full_compilation=False, disable_tf32=True, assume_dynamic_shape_support=False, sparse_weights=False, refit=False, engine_capability=<EngineCapability.STANDARD: 1>, num_avg_timing_iters=1, dla_sram_size=1048576, dla_local_dram_size=1073741824, dla_global_dram_size=536870912, dryrun=False, hardware_compatible=False, timing_cache_path='/tmp/timing_cache.bin')

INFO:torch_tensorrt.dynamo._compiler:Partitioning the graph via the fast partitioner
INFO:torch_tensorrt [TensorRT Conversion Context]:[MemUsageChange] Init CUDA: CPU +2, GPU +0, now: CPU 477, GPU 7508 (MiB)
INFO:torch_tensorrt [TensorRT Conversion Context]:[MemUsageChange] Init builder kernel library: CPU +1632, GPU +292, now: CPU 2256, GPU 7799 (MiB)
INFO:torch_tensorrt.dynamo.conversion._TRTInterpreter:TRT INetwork construction elapsed time: 0:00:01.395225
INFO:torch_tensorrt [TensorRT Conversion Context]:Global timing cache in use. Profiling results in this builder pass will be stored.
INFO:torch_tensorrt [TensorRT Conversion Context]:Detected 3 inputs and 1 output network tensors.
INFO:torch_tensorrt [TensorRT Conversion Context]:Total Host Persistent Memory: 212928
INFO:torch_tensorrt [TensorRT Conversion Context]:Total Device Persistent Memory: 0
INFO:torch_tensorrt [TensorRT Conversion Context]:Total Scratch Memory: 49152
INFO:torch_tensorrt [TensorRT Conversion Context]:[BlockAssignment] Started assigning block shifts. This will take 213 steps to complete.
INFO:torch_tensorrt [TensorRT Conversion Context]:[BlockAssignment] Algorithm ShiftNTopDown took 4.20125ms to assign 9 blocks to 213 nodes requiring 150528 bytes.
INFO:torch_tensorrt [TensorRT Conversion Context]:Total Activation Memory: 150016
INFO:torch_tensorrt [TensorRT Conversion Context]:Total Weights Memory: 281372504
INFO:torch_tensorrt [TensorRT Conversion Context]:Engine generation completed in 2.25216 seconds.
INFO:torch_tensorrt [TensorRT Conversion Context]:[MemUsageStats] Peak memory usage of TRT CPU/GPU memory allocators: CPU 20 MiB, GPU 268 MiB
INFO:torch_tensorrt [TensorRT Conversion Context]:[MemUsageStats] Peak memory usage during Engine building and serialization: CPU: 4533 MiB
INFO:torch_tensorrt.dynamo.conversion._TRTInterpreter:Build TRT engine elapsed time: 0:00:02.413736
INFO:torch_tensorrt.dynamo.conversion._TRTInterpreter:TRT Engine uses: 285738132 bytes of Memory
INFO:torch_tensorrt [TensorRT Conversion Context]:Serialized 1076 bytes of code generator cache.
INFO:torch_tensorrt [TensorRT Conversion Context]:Serialized 3446886 bytes of compilation cache.
INFO:torch_tensorrt [TensorRT Conversion Context]:Serialized 2330 timing cache entries
after tf32 True False
WARNING: [Torch-TensorRT] - Using default stream in enqueueV3() may lead to performance issues due to additional calls to cudaStreamSynchronize() by TensorRT to ensure correct synchronization. Please use non-default stream instead.
t 84 TRT-vs-before 0.0008760690689086914 eager-change 0.0 TRT-vs-strict 1.7881393432617188e-06
t 36 TRT-vs-before 0.0011403560638427734 eager-change 0.0 TRT-vs-strict 2.86102294921875e-06
t 0 TRT-vs-before 0.0020935535430908203 eager-change 0.0 TRT-vs-strict 5.125999450683594e-06
